// Vitest Snapshot v1, https://vitest.dev/guide/snapshot.html

exports[`<PostCard/> > should match snapshot 1`] = `
<div
  class="post"
>
  <img
    alt="title"
    src="img/src.png"
  />
  <div
    class="post-content"
  >
    <h2>
      title
       
      1
    </h2>
    <p>
      body
    </p>
  </div>
</div>
`;
